fws/instance-monitoring
instance-identity/document
instance-identity/pkcs7
instance-identity/signature