ami-id
ami-launch-index
ami-manifest-path
block-device-mapping/ami
block-device-mapping/ebs0
block-device-mapping/ephemeral0
block-device-mapping/root
block-device-mapping/swap
elastic-inference/associations
elastic-inference/associations/eia-bfa21c7904f64a82a21b9f4540169ce1
events/maintenance/scheduled
hostname
iam/info
iam/security-credentials
iam/security-credentials/baskinc-role
instance-action
instance-id
instance-life-cycle
instance-type
kernel-id
latest
latest/api/token
local-hostname
local-ipv4
mac
network/interfaces/macs/0e:49:61:0f:c3:11/device-number
network/interfaces/macs/0e:49:61:0f:c3:11/interface-id
network/interfaces/macs/0e:49:61:0f:c3:11/ipv4-associations/192.0.2.54
network/interfaces/macs/0e:49:61:0f:c3:11/ipv6s
network/interfaces/macs/0e:49:61:0f:c3:11/local-hostname
network/interfaces/macs/0e:49:61:0f:c3:11/local-ipv4s
network/interfaces/macs/0e:49:61:0f:c3:11/mac
network/interfaces/macs/0e:49:61:0f:c3:11/network-card-index
network/interfaces/macs/0e:49:61:0f:c3:11/owner-id
network/interfaces/macs/0e:49:61:0f:c3:11/public-hostname
network/interfaces/macs/0e:49:61:0f:c3:11/public-ipv4s
network/interfaces/macs/0e:49:61:0f:c3:11/security-group-ids
network/interfaces/macs/0e:49:61:0f:c3:11/security-groups
network/interfaces/macs/0e:49:61:0f:c3:11/subnet-id
network/interfaces/macs/0e:49:61:0f:c3:11/subnet-ipv4-cidr-block
network/interfaces/macs/0e:49:61:0f:c3:11/subnet-ipv6-cidr-blocks
network/interfaces/macs/0e:49:61:0f:c3:11/vpc-id
network/interfaces/macs/0e:49:61:0f:c3:11/vpc-ipv4-cidr-block
network/interfaces/macs/0e:49:61:0f:c3:11/vpc-ipv4-cidr-blocks
network/interfaces/macs/0e:49:61:0f:c3:11/vpc-ipv6-cidr-blocks
placement/availability-zone
placement/availability-zone-id
placement/group-name
placement/host-id
placement/partition-number
placement/region
product-codes
public-hostname
public-ipv4
public-keys/0/openssh-key
ramdisk-id
reservation-id
security-groups
services/domain
services/partition
tags/instance/Name
tags/instance/Test